2026-07-02 17:08:04,934 INFO aiogram.dispatcher: Start polling
2026-07-02 17:08:05,187 INFO aiogram.dispatcher: Run polling for bot @osint_foxbot id=8406376864 - 'Fox 🦊'
2026-07-02 17:08:49,402 INFO aiogram.event: Update id=435171968 is handled. Duration 395 ms by bot id=8406376864
2026-07-02 17:09:06,177 INFO aiogram.event: Update id=435171969 is not handled. Duration 230 ms by bot id=8406376864
2026-07-02 17:09:06,177 ERROR aiogram.event: Cause exception while process update id=435171969 by bot id=8406376864
TelegramBadRequest: Telegram server says - Bad Request: message is not modified: specified new message content and reply markup are exactly the same as a current content and reply markup of the message
Traceback (most recent call last):
  File "/home/ubuntu/.local/lib/python3.12/site-packages/aiogram/dispatcher/dispatcher.py", line 309, in _process_update
    response = await self.feed_update(bot, update, **kwargs)
               ^^^^^^^^^^^^^^^^^^^^^^^^^^^^^^^^^^^^^^^^^^^^^
  File "/home/ubuntu/.local/lib/python3.12/site-packages/aiogram/dispatcher/dispatcher.py", line 158, in feed_update
    response = await self.update.wrap_outer_middleware(
               ^^^^^^^^^^^^^^^^^^^^^^^^^^^^^^^^^^^^^^^^
  File "/home/ubuntu/.local/lib/python3.12/site-packages/aiogram/dispatcher/middlewares/error.py", line 25, in __call__
    return await handler(event, data)
           ^^^^^^^^^^^^^^^^^^^^^^^^^^
  File "/home/ubuntu/.local/lib/python3.12/site-packages/aiogram/dispatcher/middlewares/user_context.py", line 56, in __call__
    return await handler(event, data)
           ^^^^^^^^^^^^^^^^^^^^^^^^^^
  File "/home/ubuntu/.local/lib/python3.12/site-packages/aiogram/fsm/middleware.py", line 42, in __call__
    return await handler(event, data)
           ^^^^^^^^^^^^^^^^^^^^^^^^^^
  File "/home/ubuntu/.local/lib/python3.12/site-packages/aiogram/dispatcher/event/telegram.py", line 121, in trigger
    return await wrapped_inner(event, kwargs)
           ^^^^^^^^^^^^^^^^^^^^^^^^^^^^^^^^^^
  File "/workspace/telegram-bot/bot/middleware.py", line 18, in __call__
    return await handler(event, data)
           ^^^^^^^^^^^^^^^^^^^^^^^^^^
  File "/home/ubuntu/.local/lib/python3.12/site-packages/aiogram/dispatcher/event/handler.py", line 43, in call
    return await wrapped()
           ^^^^^^^^^^^^^^^
  File "/home/ubuntu/.local/lib/python3.12/site-packages/aiogram/dispatcher/dispatcher.py", line 276, in _listen_update
    return await self.propagate_event(update_type=update_type, event=event, **kwargs)
           ^^^^^^^^^^^^^^^^^^^^^^^^^^^^^^^^^^^^^^^^^^^^^^^^^^^^^^^^^^^^^^^^^^^^^^^^^^
  File "/home/ubuntu/.local/lib/python3.12/site-packages/aiogram/dispatcher/router.py", line 146, in propagate_event
    return await observer.wrap_outer_middleware(_wrapped, event=event, data=kwargs)
           ^^^^^^^^^^^^^^^^^^^^^^^^^^^^^^^^^^^^^^^^^^^^^^^^^^^^^^^^^^^^^^^^^^^^^^^^
  File "/home/ubuntu/.local/lib/python3.12/site-packages/aiogram/dispatcher/router.py", line 141, in _wrapped
    return await self._propagate_event(
           ^^^^^^^^^^^^^^^^^^^^^^^^^^^^
  File "/home/ubuntu/.local/lib/python3.12/site-packages/aiogram/dispatcher/router.py", line 174, in _propagate_event
    response = await router.propagate_event(update_type=update_type, event=event, **kwargs)
               ^^^^^^^^^^^^^^^^^^^^^^^^^^^^^^^^^^^^^^^^^^^^^^^^^^^^^^^^^^^^^^^^^^^^^^^^^^^^
  File "/home/ubuntu/.local/lib/python3.12/site-packages/aiogram/dispatcher/router.py", line 146, in propagate_event
    return await observer.wrap_outer_middleware(_wrapped, event=event, data=kwargs)
           ^^^^^^^^^^^^^^^^^^^^^^^^^^^^^^^^^^^^^^^^^^^^^^^^^^^^^^^^^^^^^^^^^^^^^^^^
  File "/home/ubuntu/.local/lib/python3.12/site-packages/aiogram/dispatcher/router.py", line 141, in _wrapped
    return await self._propagate_event(
           ^^^^^^^^^^^^^^^^^^^^^^^^^^^^
  File "/home/ubuntu/.local/lib/python3.12/site-packages/aiogram/dispatcher/router.py", line 166, in _propagate_event
    response = await observer.trigger(event, **kwargs)
               ^^^^^^^^^^^^^^^^^^^^^^^^^^^^^^^^^^^^^^^
  File "/home/ubuntu/.local/lib/python3.12/site-packages/aiogram/dispatcher/event/telegram.py", line 121, in trigger
    return await wrapped_inner(event, kwargs)
           ^^^^^^^^^^^^^^^^^^^^^^^^^^^^^^^^^^
  File "/home/ubuntu/.local/lib/python3.12/site-packages/aiogram/dispatcher/event/handler.py", line 43, in call
    return await wrapped()
           ^^^^^^^^^^^^^^^
  File "/workspace/telegram-bot/bot/handlers.py", line 87, in cb_check_sub
    await call.message.edit_text(WELCOME_OPEN, reply_markup=main_menu_keyboard())
  File "/home/ubuntu/.local/lib/python3.12/site-packages/aiogram/methods/base.py", line 84, in emit
    return await bot(self)
           ^^^^^^^^^^^^^^^
  File "/home/ubuntu/.local/lib/python3.12/site-packages/aiogram/client/bot.py", line 498, in __call__
    return await self.session(self, method, timeout=request_timeout)
           ^^^^^^^^^^^^^^^^^^^^^^^^^^^^^^^^^^^^^^^^^^^^^^^^^^^^^^^^^
  File "/home/ubuntu/.local/lib/python3.12/site-packages/aiogram/client/session/base.py", line 254, in __call__
    return cast(TelegramType, await middleware(bot, method))
                              ^^^^^^^^^^^^^^^^^^^^^^^^^^^^^
  File "/home/ubuntu/.local/lib/python3.12/site-packages/aiogram/client/session/aiohttp.py", line 189, in make_request
    response = self.check_response(
               ^^^^^^^^^^^^^^^^^^^^
  File "/home/ubuntu/.local/lib/python3.12/site-packages/aiogram/client/session/base.py", line 120, in check_response
    raise TelegramBadRequest(method=method, message=description)
aiogram.exceptions.TelegramBadRequest: Telegram server says - Bad Request: message is not modified: specified new message content and reply markup are exactly the same as a current content and reply markup of the message
2026-07-02 17:09:09,965 INFO aiogram.event: Update id=435171970 is handled. Duration 425 ms by bot id=8406376864
2026-07-02 17:09:12,750 INFO aiogram.event: Update id=435171971 is handled. Duration 411 ms by bot id=8406376864
2026-07-02 17:09:14,888 INFO aiogram.event: Update id=435171972 is handled. Duration 417 ms by bot id=8406376864
2026-07-02 17:09:21,082 INFO httpx: HTTP Request: POST https://api.doxgram.com/gpt-service/conversations "HTTP/1.1 200 OK"
2026-07-02 17:09:21,444 INFO httpx: HTTP Request: POST https://api.doxgram.com/gpt-service/conversations/7142/messages "HTTP/1.1 502 Bad Gateway"
2026-07-02 17:09:21,663 INFO aiogram.event: Update id=435171973 is handled. Duration 1129 ms by bot id=8406376864
2026-07-02 17:09:25,753 INFO aiogram.event: Update id=435171974 is handled. Duration 409 ms by bot id=8406376864
2026-07-02 17:09:27,100 INFO aiogram.event: Update id=435171975 is handled. Duration 447 ms by bot id=8406376864
2026-07-02 17:09:31,130 INFO httpx: HTTP Request: GET https://api.doxgram.com/osint-service/osint/search?query=%40durov "HTTP/1.1 200 OK"
2026-07-02 17:09:31,541 INFO aiogram.event: Update id=435171976 is handled. Duration 1060 ms by bot id=8406376864
2026-07-02 17:09:34,205 INFO aiogram.event: Update id=435171977 is handled. Duration 418 ms by bot id=8406376864
2026-07-02 17:09:39,904 INFO httpx: HTTP Request: GET https://api.doxgram.com/osint-service/osint/search?query=%40zeusikkkz "HTTP/1.1 412 Precondition Failed"
2026-07-02 17:09:40,144 INFO aiogram.event: Update id=435171978 is handled. Duration 975 ms by bot id=8406376864
2026-07-02 17:10:14,551 INFO aiogram.event: Update id=435171979 is handled. Duration 402 ms by bot id=8406376864
2026-07-02 17:10:15,885 INFO aiogram.event: Update id=435171980 is handled. Duration 421 ms by bot id=8406376864
2026-07-02 17:10:17,422 INFO httpx: HTTP Request: GET https://api.doxgram.com/vpn-service/key/get?tier=PREMIUM&nodeId=10 "HTTP/1.1 200 OK"
2026-07-02 17:10:17,631 INFO aiogram.event: Update id=435171981 is handled. Duration 783 ms by bot id=8406376864
2026-07-02 17:10:23,989 INFO aiogram.event: Update id=435171982 is handled. Duration 420 ms by bot id=8406376864
2026-07-02 17:11:30,658 WARNING aiogram.dispatcher: Received SIGTERM signal
2026-07-02 17:11:30,658 INFO aiogram.dispatcher: Polling stopped for bot @osint_foxbot id=8406376864 - 'Fox 🦊'
2026-07-02 17:11:30,658 INFO aiogram.dispatcher: Polling stopped
